Text output:
┌────────────┐
│Hello world!│
└────────────┘

Markdown output:
> Hello world!


HTML output:
<div><div><div style="border:thin solid"><div>Hello world!</div></div></div></div>

