Text output:
┌──┬────────────────────────────────────────────────────────────────────────────────────────────────────┐
│ 1│┌─────────┐                                                                                         │
│  ││123456789│                                                                                         │
│  │├─────────┤                                                                                         │
│  ││┌───────┐│                                                                                         │
│  │││   ....││                                                                                         │
│  ││├───────┤│                                                                                         │
│  │││.      ││                                                                                         │
│  ││└───────┘│                                                                                         │
│  │└─────────┘                                                                                         │
│  │                                                                                                    │
│  │                                                                          ┌─────────────────────────│
│  │                                                                          │nice unicode! 💪         │
│  │                                                                          ├─────────────────────────│
│  │                                                                          │┌──────────────┬─────────│
│  │                                                                          ││oï ωεird nums:│┌────────│
│  │                                                                          ││π/2           ││┌───────│
│  │                                                                          ││τ/4           │││┌──────│
│  │                                                                          │├──────────────┤│││sum=Σ_│
│  │                                                                          ││              ││││————— │
│y │                                                                          ││              ││││1+1   │
│  │                                                                          ││   0          │││├──────│
│  │                                                                          ││   ├─1        ││││      │
│  │                                                                          ││   └─ω        ││││      │
│  │                                                                          ││     └─ω²     │││└──────│
│  │                                                                          ││              ││└───────│
│  │                                                                          ││              │└────────│
│  │                                                                          │└──────────────┴─────────│
│  │                                                                          └─────────────────────────│
│  │                                                                                                    │
│  │                                                                                                    │
│  │                                                                                                    │
│  │                                                                                                    │
│  │                                                                                                    │
│  │                                                                                                    │
│  │                                                                                                    │
│  │                                                                                                    │
│  │                                                                                                    │
│  │                                                                                                    │
│  │                                                                                                    │
│ 0│                                                                                                   (│
├──┼────────────────────────────────────────────────────────────────────────────────────────────────────┤
│  │0                                                                                                  1│
│  │                                                 x                                                  │
└──┴────────────────────────────────────────────────────────────────────────────────────────────────────┘

HTML output:
<div><div style="border:thin solid"><table class="framed"><tr><td><table class="non-framed"><tr><td><div>y</div></td><td><table class="non-framed"><tr><td><div>1</div></td></tr><tr><td><div>0</div></td></tr></table></td></tr></table></td><td><div style="border:thin dotted;position:relative;width:800;height:800"><div style="position:absolute;top:0px;left:0px"><div style="border:thin solid"><table class="framed"><tr><td><div>123456789</div></td></tr><tr><td><div style="border:thin solid"><table class="framed"><tr><td><div class="align-right"><div>....</div></div></td></tr><tr><td><div>.</div></td></tr></table></div></td></tr></table></div></div><div style="position:absolute;top:200px;left:599px"><div style="border:thin solid"><table class="framed"><tr><td><div>nice unicode! 💪</div></td></tr><tr><td><div style="border:thin solid"><table class="framed"><tr><td><table class="framed"><tr><td><div>oï ωεird nums:<br/>π/2<br/>τ/4</div></td></tr><tr><td><div class="center"><div><div>0</div><ul><li><div>1</div></li><li><div><div>ω</div><ul><li><div>ω²</div></li></ul></div></li></ul></div></div></td></tr></table></td><td><div style="border:thin solid"><div style="border:thin solid"><div style="border:thin solid"><table class="framed"><tr><td><div>sum=Σ_i a·xᵢ²<br/>—————<br/>1+1</div></td></tr><tr><td><div class="align-right"><div>Ōₒ<br/>À</div></div></td></tr></table></div></div></div></td></tr></table></div></td></tr></table></div></div><div style="position:absolute;top:799px;left:799px"><table class="framed"><tr><td><div>(0,0)</div></td><td><div>(0,1)</div></td><td><div>(0,2)</div></td></tr><tr><td><div>(1,0)</div></td><td><div>(1,1)</div></td><td><div>(1,2)</div></td></tr><tr><td><div>(2,0)</div></td><td><div>(2,1)</div></td><td><div>(2,2)</div></td></tr></table></div></div></td></tr><tr><td><div></div></td><td><table class="non-framed"><tr><td><table class="non-framed"><tr><td><div>0</div></td><td><div class="align-right"><div>1</div></div></td></tr></table></td></tr><tr><td><div class="center"><div>x</div></div></td></tr></table></td></tr></table></div></div>

