Text output:
┌────────────┐
│Hello world!│
└────────────┘

HTML output:
<div><div style="border:thin solid"><div>Hello world!</div></div></div>


Markdown output:
> Hello world!

