┌─────────────────┬──────────────────────────────────────────────────────────────┐
│subject          │[1mannounce: printbox 0.3[0m                                        │
├─────────────────┼──────────────────────────────────────────────────────────────┤
│explanation      │┌────────────────────────────────────────────────────────────┐│
│                 ││PrintBox is a library for rendering nested tables,          ││
│                 ││    trees, and similar structures in monospace text or HTML.││
│                 │└────────────────────────────────────────────────────────────┘│
├─────────────────┼──────────────────────────────────────────────────────────────┤
│github           │[44mhttps://github.com/c-cube/printbox/releases/tag/0.3[0m           │
├─────────────────┼──────────────────────────────────────────────────────────────┤
│contributors     │[32mSimon[0m                                                         │
│                 ├──────────────────────────────────────────────────────────────┤
│                 │[32mGuillaume[0m                                                     │
│                 ├──────────────────────────────────────────────────────────────┤
│                 │[32mMatt[0m                                                          │
├─────────────────┼──────────────────────────────────────────────────────────────┤
│dependencies     │┬─mandatory                                                   │
│                 ││ ├─dune                                                      │
│                 ││ ├─bytes                                                     │
│                 ││ ├─uutf                                                      │
│                 ││ └─uucp                                                      │
│                 │└─optional                                                    │
│                 │  └─tyxml                                                     │
├─────────────────┼──────────────────────────────────────────────────────────────┤
│expected reaction│🎉                                                            │
└─────────────────┴──────────────────────────────────────────────────────────────┘
