                                               +
────────────────────────────────────────────────────────────────────────────────────────┬───────
                                           /                                            │   /
──────────────────────────────────────────────────────────────────────────────────────┬─┼──┬────
                                         [29]                                         │2│10│[29]
                                         ────                                         │ │  │
                                         *                                            │ │  │
─────────────────────────────────────────────────────────────────────────────────┬────┤ │  │
                                      [28]                                       │[28]│ │  │
                                      ────                                       │    │ │  │
                                      -                                          │    │ │  │
─────────────────────────────┬───────────────────────────────────────────────────┤    │ │  │
            +                │                       +                           │    │ │  │
────────────────────────┬────┼───────────────────────────────────────────┬───────┤    │ │  │
          +             │-   │                   +                       │ f     │    │ │  │
───────────────────┬────┼────┼─────────────────────────────────┬─────────┼───────┤    │ │  │
       [13]        │[10]│[1] │              [21]               │  [25]   │ [22]  │    │ │  │
       ────        │    │    │              ────               │  ────   │ ────  │    │ │  │
       +           │    │    │              +                  │  *      │ -     │    │ │  │
──────────────┬────┤    │    ├─────────────────────────┬───────┼────┬────┼───┬───┤    │ │  │
     [10]     │[12]│    │    │          [20]           │ [17]  │[24]│[21]│[2]│[1]│    │ │  │
     ────     ├────┤    │    │          ────           │ ────  ├────┤    │   │   │    │ │  │
     +        │1   │    │    │          +              │ f     │3   │    │   │   │    │ │  │
──────────┬───┤    │    │    ├────────────────┬────────┼───────┤    │    │   │   │    │ │  │
   [9]    │[8]│    │    │    │      [7]       │  [19]  │ [16]  │    │    │   │   │    │ │  │
   ───    ├───┤    │    │    │      ───       │  ────  │ ────  │    │    │   │   │    │ │  │
   +      │1  │    │    │    │      +         │  *     │ +     │    │    │   │   │    │ │  │
──────┬───┤   │    │    │    ├──────┬─────────┼───┬────┼───┬───┤    │    │   │   │    │ │  │
[3]   │[3]│   │    │    │    │[6]   │[5]      │[7]│[18]│[2]│[1]│    │    │   │   │    │ │  │
───   │   │   │    │    │    ├───   ├───      │   ├────┤   │   │    │    │   │   │    │ │  │
+     │   │   │    │    │    │*     │*        │   │2   │   │   │    │    │   │   │    │ │  │
├─[1] │   │   │    │    │    │├─[1] │├─[4]    │   │    │   │   │    │    │   │   │    │ │  │
│ ─── │   │   │    │    │    │└─[2] ││ ───    │   │    │   │   │    │    │   │   │    │ │  │
│ a   │   │   │    │    │    │      ││ *      │   │    │   │   │    │    │   │   │    │ │  │
└─[2] │   │   │    │    │    │      ││ ├─[2]  │   │    │   │   │    │    │   │   │    │ │  │
  ─── │   │   │    │    │    │      ││ └─[2]  │   │    │   │   │    │    │   │   │    │ │  │
  b   │   │   │    │    │    │      │└─[2]    │   │    │   │   │    │    │   │   │    │ │  │
